// Jest Snapshot v1, https://goo.gl/fbAQLP

exports[`Header renders correctly 1`] = `
<footer
  className="sc-fzoLag gqDFwP"
>
  <div
    className="sc-AxirZ jpbKm"
    height="100%"
    width={
      Array [
        null,
        "536px",
        "708px",
        "900px",
        "1080px",
        "1200px",
      ]
    }
  >
    <p>
      hello world
    </p>
  </div>
</footer>
`;
