// Jest Snapshot v1, https://goo.gl/fbAQLP

exports[`Header renders correctly 1`] = `
<header
  className="sc-fzqBZW kvyVsY"
>
  <div
    className="sc-AxirZ eYFUGo"
    height="100%"
    width={
      Array [
        null,
        "536px",
        "708px",
        "900px",
        "1080px",
        "1200px",
      ]
    }
  >
    <div
      className="sc-fzqNJr SXYWe"
    >
      <p>
        hello world
      </p>
    </div>
  </div>
</header>
`;
