// Jest Snapshot v1, https://goo.gl/fbAQLP

exports[`Header renders correctly 1`] = `
<header
  className="sc-fzqBZW kvyVsY"
>
  <div
    className="sc-AxirZ gXXnrR"
    height="100%"
    width={
      Array [
        null,
        "540px",
        "720px",
        "960px",
        "1140px",
        "1320px",
      ]
    }
  >
    <div
      className="sc-fzqNJr SXYWe"
    >
      <p>
        hello world
      </p>
    </div>
  </div>
</header>
`;
